
*** Running vivado
    with args -log mac_udp_design_wrapper.vdi -applog -m64 -product Vivado -messageDb vivado.pb -mode batch -source mac_udp_design_wrapper.tcl -notrace



****** Vivado v2024.2 (64-bit)
  **** SW Build 5239630 on Fri Nov 08 22:35:27 MST 2024
  **** IP Build 5239520 on Sun Nov 10 16:12:51 MST 2024
  **** SharedData Build 5239561 on Fri Nov 08 14:39:27 MST 2024
  **** Start of session at: Tue Jun 24 13:43:59 2025
    ** Copyright 1986-2022 Xilinx, Inc. All Rights Reserved.
    ** Copyright 2022-2024 Advanced Micro Devices, Inc. All Rights Reserved.

source mac_udp_design_wrapper.tcl -notrace
INFO: [IP_Flow 19-234] Refreshing IP repositories
INFO: [IP_Flow 19-1700] Loaded user IP repository 'c:/Users/gsfei/OneDrive/Desktop/networkaccel_project/ip_repo/mac_filter_1_0'.
INFO: [IP_Flow 19-2313] Loaded Vivado IP repository 'C:/Xilinx/Vivado/2024.2/data/ip'.
Command: link_design -top mac_udp_design_wrapper -part xc7z020clg400-1
Design is defaulting to srcset: sources_1
Design is defaulting to constrset: constrs_1
INFO: [Device 21-403] Loading part xc7z020clg400-1
INFO: [Project 1-454] Reading design checkpoint 'c:/Users/gsfei/OneDrive/Desktop/networkaccel_project/vivado/vivado.gen/sources_1/bd/mac_udp_design/ip/mac_udp_design_axi_dma_PS2PL_0/mac_udp_design_axi_dma_PS2PL_0.dcp' for cell 'mac_udp_design_i/axi_dma_PL2PS'
INFO: [Project 1-454] Reading design checkpoint 'c:/Users/gsfei/OneDrive/Desktop/networkaccel_project/vivado/vivado.gen/sources_1/bd/mac_udp_design/ip/mac_udp_design_axi_dma_0_1/mac_udp_design_axi_dma_0_1.dcp' for cell 'mac_udp_design_i/axi_dma_PS2PL'
INFO: [Project 1-454] Reading design checkpoint 'c:/Users/gsfei/OneDrive/Desktop/networkaccel_project/vivado/vivado.gen/sources_1/bd/mac_udp_design/ip/mac_udp_design_axi_smc_4/mac_udp_design_axi_smc_4.dcp' for cell 'mac_udp_design_i/axi_smc'
INFO: [Project 1-454] Reading design checkpoint 'c:/Users/gsfei/OneDrive/Desktop/networkaccel_project/vivado/vivado.gen/sources_1/bd/mac_udp_design/ip/mac_udp_design_mac_filter_0_3/mac_udp_design_mac_filter_0_3.dcp' for cell 'mac_udp_design_i/mac_filter_0'
INFO: [Project 1-454] Reading design checkpoint 'c:/Users/gsfei/OneDrive/Desktop/networkaccel_project/vivado/vivado.gen/sources_1/bd/mac_udp_design/ip/mac_udp_design_processing_system7_0_5/mac_udp_design_processing_system7_0_5.dcp' for cell 'mac_udp_design_i/processing_system7_0'
INFO: [Project 1-454] Reading design checkpoint 'c:/Users/gsfei/OneDrive/Desktop/networkaccel_project/vivado/vivado.gen/sources_1/bd/mac_udp_design/ip/mac_udp_design_rst_ps7_0_50M_1/mac_udp_design_rst_ps7_0_50M_1.dcp' for cell 'mac_udp_design_i/rst_ps7_0_50M'
INFO: [Project 1-454] Reading design checkpoint 'c:/Users/gsfei/OneDrive/Desktop/networkaccel_project/vivado/vivado.gen/sources_1/bd/mac_udp_design/ip/mac_udp_design_smartconnect_0_1/mac_udp_design_smartconnect_0_1.dcp' for cell 'mac_udp_design_i/smartconnect_0'
INFO: [Project 1-454] Reading design checkpoint 'c:/Users/gsfei/OneDrive/Desktop/networkaccel_project/vivado/vivado.gen/sources_1/bd/mac_udp_design/ip/mac_udp_design_smartconnect_0_2/mac_udp_design_smartconnect_0_2.dcp' for cell 'mac_udp_design_i/smartconnect_1'
Netlist sorting complete. Time (s): cpu = 00:00:00 ; elapsed = 00:00:00.486 . Memory (MB): peak = 706.449 ; gain = 0.000
INFO: [Netlist 29-17] Analyzing 144 Unisim elements for replacement
INFO: [Netlist 29-28] Unisim Transformation completed in 0 CPU seconds
INFO: [Project 1-479] Netlist was created with Vivado 2024.2
INFO: [Project 1-570] Preparing netlist for logic optimization
Parsing XDC File [c:/Users/gsfei/OneDrive/Desktop/networkaccel_project/vivado/vivado.gen/sources_1/bd/mac_udp_design/ip/mac_udp_design_axi_dma_0_1/mac_udp_design_axi_dma_0_1.xdc] for cell 'mac_udp_design_i/axi_dma_PS2PL/U0'
WARNING: [Vivado_Tcl 4-921] Waiver ID 'CDC-1' -to list should not be empty. [c:/Users/gsfei/OneDrive/Desktop/networkaccel_project/vivado/vivado.gen/sources_1/bd/mac_udp_design/ip/mac_udp_design_axi_dma_0_1/mac_udp_design_axi_dma_0_1.xdc:52]
WARNING: [Vivado_Tcl 4-921] Waiver ID 'CDC-1' -to list should not be empty. [c:/Users/gsfei/OneDrive/Desktop/networkaccel_project/vivado/vivado.gen/sources_1/bd/mac_udp_design/ip/mac_udp_design_axi_dma_0_1/mac_udp_design_axi_dma_0_1.xdc:56]
WARNING: [Vivado_Tcl 4-919] Waiver ID 'CDC-1' -from list should not be empty. [c:/Users/gsfei/OneDrive/Desktop/networkaccel_project/vivado/vivado.gen/sources_1/bd/mac_udp_design/ip/mac_udp_design_axi_dma_0_1/mac_udp_design_axi_dma_0_1.xdc:61]
Finished Parsing XDC File [c:/Users/gsfei/OneDrive/Desktop/networkaccel_project/vivado/vivado.gen/sources_1/bd/mac_udp_design/ip/mac_udp_design_axi_dma_0_1/mac_udp_design_axi_dma_0_1.xdc] for cell 'mac_udp_design_i/axi_dma_PS2PL/U0'
Parsing XDC File [c:/Users/gsfei/OneDrive/Desktop/networkaccel_project/vivado/vivado.gen/sources_1/bd/mac_udp_design/ip/mac_udp_design_axi_dma_PS2PL_0/mac_udp_design_axi_dma_PS2PL_0.xdc] for cell 'mac_udp_design_i/axi_dma_PL2PS/U0'
WARNING: [Vivado_Tcl 4-921] Waiver ID 'CDC-1' -to list should not be empty. [c:/Users/gsfei/OneDrive/Desktop/networkaccel_project/vivado/vivado.gen/sources_1/bd/mac_udp_design/ip/mac_udp_design_axi_dma_PS2PL_0/mac_udp_design_axi_dma_PS2PL_0.xdc:52]
WARNING: [Vivado_Tcl 4-921] Waiver ID 'CDC-1' -to list should not be empty. [c:/Users/gsfei/OneDrive/Desktop/networkaccel_project/vivado/vivado.gen/sources_1/bd/mac_udp_design/ip/mac_udp_design_axi_dma_PS2PL_0/mac_udp_design_axi_dma_PS2PL_0.xdc:56]
WARNING: [Vivado_Tcl 4-919] Waiver ID 'CDC-1' -from list should not be empty. [c:/Users/gsfei/OneDrive/Desktop/networkaccel_project/vivado/vivado.gen/sources_1/bd/mac_udp_design/ip/mac_udp_design_axi_dma_PS2PL_0/mac_udp_design_axi_dma_PS2PL_0.xdc:61]
Finished Parsing XDC File [c:/Users/gsfei/OneDrive/Desktop/networkaccel_project/vivado/vivado.gen/sources_1/bd/mac_udp_design/ip/mac_udp_design_axi_dma_PS2PL_0/mac_udp_design_axi_dma_PS2PL_0.xdc] for cell 'mac_udp_design_i/axi_dma_PL2PS/U0'
Parsing XDC File [c:/Users/gsfei/OneDrive/Desktop/networkaccel_project/vivado/vivado.gen/sources_1/bd/mac_udp_design/ip/mac_udp_design_smartconnect_0_1/bd_0/ip/ip_1/bd_1adb_psr_aclk_0_board.xdc] for cell 'mac_udp_design_i/smartconnect_0/inst/clk_map/psr_aclk/U0'
Finished Parsing XDC File [c:/Users/gsfei/OneDrive/Desktop/networkaccel_project/vivado/vivado.gen/sources_1/bd/mac_udp_design/ip/mac_udp_design_smartconnect_0_1/bd_0/ip/ip_1/bd_1adb_psr_aclk_0_board.xdc] for cell 'mac_udp_design_i/smartconnect_0/inst/clk_map/psr_aclk/U0'
Parsing XDC File [c:/Users/gsfei/OneDrive/Desktop/networkaccel_project/vivado/vivado.gen/sources_1/bd/mac_udp_design/ip/mac_udp_design_smartconnect_0_1/bd_0/ip/ip_1/bd_1adb_psr_aclk_0.xdc] for cell 'mac_udp_design_i/smartconnect_0/inst/clk_map/psr_aclk/U0'
Finished Parsing XDC File [c:/Users/gsfei/OneDrive/Desktop/networkaccel_project/vivado/vivado.gen/sources_1/bd/mac_udp_design/ip/mac_udp_design_smartconnect_0_1/bd_0/ip/ip_1/bd_1adb_psr_aclk_0.xdc] for cell 'mac_udp_design_i/smartconnect_0/inst/clk_map/psr_aclk/U0'
Parsing XDC File [c:/Users/gsfei/OneDrive/Desktop/networkaccel_project/vivado/vivado.gen/sources_1/bd/mac_udp_design/ip/mac_udp_design_smartconnect_0_1/smartconnect.xdc] for cell 'mac_udp_design_i/smartconnect_0/inst'
Finished Parsing XDC File [c:/Users/gsfei/OneDrive/Desktop/networkaccel_project/vivado/vivado.gen/sources_1/bd/mac_udp_design/ip/mac_udp_design_smartconnect_0_1/smartconnect.xdc] for cell 'mac_udp_design_i/smartconnect_0/inst'
Parsing XDC File [c:/Users/gsfei/OneDrive/Desktop/networkaccel_project/vivado/vivado.gen/sources_1/bd/mac_udp_design/ip/mac_udp_design_smartconnect_0_2/bd_0/ip/ip_1/bd_1b9b_psr_aclk_0_board.xdc] for cell 'mac_udp_design_i/smartconnect_1/inst/clk_map/psr_aclk/U0'
Finished Parsing XDC File [c:/Users/gsfei/OneDrive/Desktop/networkaccel_project/vivado/vivado.gen/sources_1/bd/mac_udp_design/ip/mac_udp_design_smartconnect_0_2/bd_0/ip/ip_1/bd_1b9b_psr_aclk_0_board.xdc] for cell 'mac_udp_design_i/smartconnect_1/inst/clk_map/psr_aclk/U0'
Parsing XDC File [c:/Users/gsfei/OneDrive/Desktop/networkaccel_project/vivado/vivado.gen/sources_1/bd/mac_udp_design/ip/mac_udp_design_smartconnect_0_2/bd_0/ip/ip_1/bd_1b9b_psr_aclk_0.xdc] for cell 'mac_udp_design_i/smartconnect_1/inst/clk_map/psr_aclk/U0'
Finished Parsing XDC File [c:/Users/gsfei/OneDrive/Desktop/networkaccel_project/vivado/vivado.gen/sources_1/bd/mac_udp_design/ip/mac_udp_design_smartconnect_0_2/bd_0/ip/ip_1/bd_1b9b_psr_aclk_0.xdc] for cell 'mac_udp_design_i/smartconnect_1/inst/clk_map/psr_aclk/U0'
Parsing XDC File [c:/Users/gsfei/OneDrive/Desktop/networkaccel_project/vivado/vivado.gen/sources_1/bd/mac_udp_design/ip/mac_udp_design_smartconnect_0_2/smartconnect.xdc] for cell 'mac_udp_design_i/smartconnect_1/inst'
Finished Parsing XDC File [c:/Users/gsfei/OneDrive/Desktop/networkaccel_project/vivado/vivado.gen/sources_1/bd/mac_udp_design/ip/mac_udp_design_smartconnect_0_2/smartconnect.xdc] for cell 'mac_udp_design_i/smartconnect_1/inst'
Parsing XDC File [c:/Users/gsfei/OneDrive/Desktop/networkaccel_project/vivado/vivado.gen/sources_1/bd/mac_udp_design/ip/mac_udp_design_processing_system7_0_5/mac_udp_design_processing_system7_0_5.xdc] for cell 'mac_udp_design_i/processing_system7_0/inst'
Finished Parsing XDC File [c:/Users/gsfei/OneDrive/Desktop/networkaccel_project/vivado/vivado.gen/sources_1/bd/mac_udp_design/ip/mac_udp_design_processing_system7_0_5/mac_udp_design_processing_system7_0_5.xdc] for cell 'mac_udp_design_i/processing_system7_0/inst'
Parsing XDC File [c:/Users/gsfei/OneDrive/Desktop/networkaccel_project/vivado/vivado.gen/sources_1/bd/mac_udp_design/ip/mac_udp_design_axi_smc_4/bd_0/ip/ip_1/bd_7027_psr_aclk_0_board.xdc] for cell 'mac_udp_design_i/axi_smc/inst/clk_map/psr_aclk/U0'
Finished Parsing XDC File [c:/Users/gsfei/OneDrive/Desktop/networkaccel_project/vivado/vivado.gen/sources_1/bd/mac_udp_design/ip/mac_udp_design_axi_smc_4/bd_0/ip/ip_1/bd_7027_psr_aclk_0_board.xdc] for cell 'mac_udp_design_i/axi_smc/inst/clk_map/psr_aclk/U0'
Parsing XDC File [c:/Users/gsfei/OneDrive/Desktop/networkaccel_project/vivado/vivado.gen/sources_1/bd/mac_udp_design/ip/mac_udp_design_axi_smc_4/bd_0/ip/ip_1/bd_7027_psr_aclk_0.xdc] for cell 'mac_udp_design_i/axi_smc/inst/clk_map/psr_aclk/U0'
Finished Parsing XDC File [c:/Users/gsfei/OneDrive/Desktop/networkaccel_project/vivado/vivado.gen/sources_1/bd/mac_udp_design/ip/mac_udp_design_axi_smc_4/bd_0/ip/ip_1/bd_7027_psr_aclk_0.xdc] for cell 'mac_udp_design_i/axi_smc/inst/clk_map/psr_aclk/U0'
Parsing XDC File [c:/Users/gsfei/OneDrive/Desktop/networkaccel_project/vivado/vivado.gen/sources_1/bd/mac_udp_design/ip/mac_udp_design_axi_smc_4/smartconnect.xdc] for cell 'mac_udp_design_i/axi_smc/inst'
Finished Parsing XDC File [c:/Users/gsfei/OneDrive/Desktop/networkaccel_project/vivado/vivado.gen/sources_1/bd/mac_udp_design/ip/mac_udp_design_axi_smc_4/smartconnect.xdc] for cell 'mac_udp_design_i/axi_smc/inst'
Parsing XDC File [c:/Users/gsfei/OneDrive/Desktop/networkaccel_project/vivado/vivado.gen/sources_1/bd/mac_udp_design/ip/mac_udp_design_rst_ps7_0_50M_1/mac_udp_design_rst_ps7_0_50M_1_board.xdc] for cell 'mac_udp_design_i/rst_ps7_0_50M/U0'
Finished Parsing XDC File [c:/Users/gsfei/OneDrive/Desktop/networkaccel_project/vivado/vivado.gen/sources_1/bd/mac_udp_design/ip/mac_udp_design_rst_ps7_0_50M_1/mac_udp_design_rst_ps7_0_50M_1_board.xdc] for cell 'mac_udp_design_i/rst_ps7_0_50M/U0'
Parsing XDC File [c:/Users/gsfei/OneDrive/Desktop/networkaccel_project/vivado/vivado.gen/sources_1/bd/mac_udp_design/ip/mac_udp_design_rst_ps7_0_50M_1/mac_udp_design_rst_ps7_0_50M_1.xdc] for cell 'mac_udp_design_i/rst_ps7_0_50M/U0'
Finished Parsing XDC File [c:/Users/gsfei/OneDrive/Desktop/networkaccel_project/vivado/vivado.gen/sources_1/bd/mac_udp_design/ip/mac_udp_design_rst_ps7_0_50M_1/mac_udp_design_rst_ps7_0_50M_1.xdc] for cell 'mac_udp_design_i/rst_ps7_0_50M/U0'
Parsing XDC File [c:/Users/gsfei/OneDrive/Desktop/networkaccel_project/vivado/vivado.gen/sources_1/bd/mac_udp_design/ip/mac_udp_design_axi_dma_0_1/mac_udp_design_axi_dma_0_1_clocks.xdc] for cell 'mac_udp_design_i/axi_dma_PS2PL/U0'
Finished Parsing XDC File [c:/Users/gsfei/OneDrive/Desktop/networkaccel_project/vivado/vivado.gen/sources_1/bd/mac_udp_design/ip/mac_udp_design_axi_dma_0_1/mac_udp_design_axi_dma_0_1_clocks.xdc] for cell 'mac_udp_design_i/axi_dma_PS2PL/U0'
Parsing XDC File [c:/Users/gsfei/OneDrive/Desktop/networkaccel_project/vivado/vivado.gen/sources_1/bd/mac_udp_design/ip/mac_udp_design_axi_dma_PS2PL_0/mac_udp_design_axi_dma_PS2PL_0_clocks.xdc] for cell 'mac_udp_design_i/axi_dma_PL2PS/U0'
Finished Parsing XDC File [c:/Users/gsfei/OneDrive/Desktop/networkaccel_project/vivado/vivado.gen/sources_1/bd/mac_udp_design/ip/mac_udp_design_axi_dma_PS2PL_0/mac_udp_design_axi_dma_PS2PL_0_clocks.xdc] for cell 'mac_udp_design_i/axi_dma_PL2PS/U0'
INFO: [Project 1-1714] 71 XPM XDC files have been applied to the design.
INFO: [Opt 31-138] Pushed 0 inverter(s) to 0 load pin(s).
Netlist sorting complete. Time (s): cpu = 00:00:00 ; elapsed = 00:00:00.004 . Memory (MB): peak = 1464.723 ; gain = 0.000
INFO: [Project 1-111] Unisim Transformation Summary:
  A total of 42 instances were transformed.
  RAM32M => RAM32M (RAMD32(x6), RAMS32(x2)): 42 instances

19 Infos, 6 Warnings, 0 Critical Warnings and 0 Errors encountered.
link_design completed successfully
link_design: Time (s): cpu = 00:00:17 ; elapsed = 00:00:21 . Memory (MB): peak = 1464.723 ; gain = 1053.715
Command: opt_design
Attempting to get a license for feature 'Implementation' and/or device 'xc7z020'
INFO: [Common 17-349] Got license for feature 'Implementation' and/or device 'xc7z020'
Running DRC as a precondition to command opt_design

Starting DRC Task
INFO: [DRC 23-27] Running DRC with 2 threads
INFO: [Project 1-461] DRC finished with 0 Errors
INFO: [Project 1-462] Please refer to the DRC report (report_drc) for more information.

Time (s): cpu = 00:00:02 ; elapsed = 00:00:01 . Memory (MB): peak = 1464.723 ; gain = 0.000

Starting Cache Timing Information Task
INFO: [Timing 38-35] Done setting XDC timing constraints.
Ending Cache Timing Information Task | Checksum: 1e072190e

Time (s): cpu = 00:00:01 ; elapsed = 00:00:00.620 . Memory (MB): peak = 1464.723 ; gain = 0.000

Starting Logic Optimization Task

Phase 1 Initialization

Phase 1.1 Core Generation And Design Setup
Phase 1.1 Core Generation And Design Setup | Checksum: 1e072190e

Time (s): cpu = 00:00:00 ; elapsed = 00:00:00.026 . Memory (MB): peak = 1835.449 ; gain = 0.000

Phase 1.2 Setup Constraints And Sort Netlist
Phase 1.2 Setup Constraints And Sort Netlist | Checksum: 1e072190e

Time (s): cpu = 00:00:00 ; elapsed = 00:00:00.036 . Memory (MB): peak = 1835.449 ; gain = 0.000
Phase 1 Initialization | Checksum: 1e072190e

Time (s): cpu = 00:00:00 ; elapsed = 00:00:00.040 . Memory (MB): peak = 1835.449 ; gain = 0.000

Phase 2 Timer Update And Timing Data Collection

Phase 2.1 Timer Update
Phase 2.1 Timer Update | Checksum: 1e072190e

Time (s): cpu = 00:00:01 ; elapsed = 00:00:00.273 . Memory (MB): peak = 1835.449 ; gain = 0.000

Phase 2.2 Timing Data Collection
Phase 2.2 Timing Data Collection | Checksum: 1e072190e

Time (s): cpu = 00:00:01 ; elapsed = 00:00:00.320 . Memory (MB): peak = 1835.449 ; gain = 0.000
Phase 2 Timer Update And Timing Data Collection | Checksum: 1e072190e

Time (s): cpu = 00:00:01 ; elapsed = 00:00:00.324 . Memory (MB): peak = 1835.449 ; gain = 0.000

Phase 3 Retarget
INFO: [Opt 31-1851] Number of loadless carry chains removed were: 0
INFO: [Opt 31-1834] Total Chains To Be Transformed Were: 0 AND Number of Transformed insts Created are: 0
INFO: [Opt 31-1566] Pulled 1 inverters resulting in an inversion of 15 pins
INFO: [Opt 31-138] Pushed 17 inverter(s) to 85 load pin(s).
INFO: [Opt 31-49] Retargeted 0 cell(s).
Phase 3 Retarget | Checksum: 242a30bc7

Time (s): cpu = 00:00:01 ; elapsed = 00:00:00.584 . Memory (MB): peak = 1835.449 ; gain = 0.000
Retarget | Checksum: 242a30bc7
INFO: [Opt 31-389] Phase Retarget created 32 cells and removed 113 cells
INFO: [Opt 31-1021] In phase Retarget, 100 netlist objects are constrained preventing optimization. Please run opt_design with -debug_log to get more detail. 

Phase 4 Constant propagation
INFO: [Opt 31-138] Pushed 1 inverter(s) to 2 load pin(s).
Phase 4 Constant propagation | Checksum: 233af1195

Time (s): cpu = 00:00:01 ; elapsed = 00:00:00.667 . Memory (MB): peak = 1835.449 ; gain = 0.000
Constant propagation | Checksum: 233af1195
INFO: [Opt 31-389] Phase Constant propagation created 12 cells and removed 32 cells
INFO: [Opt 31-1021] In phase Constant propagation, 100 netlist objects are constrained preventing optimization. Please run opt_design with -debug_log to get more detail. 

Phase 5 Sweep
INFO: [Constraints 18-11670] Building netlist checker database with flags, 0x8
Done building netlist checker database: Time (s): cpu = 00:00:00 ; elapsed = 00:00:00.007 . Memory (MB): peak = 1835.449 ; gain = 0.000
INFO: [Constraints 18-11670] Building netlist checker database with flags, 0x8
Done building netlist checker database: Time (s): cpu = 00:00:00 ; elapsed = 00:00:00.007 . Memory (MB): peak = 1835.449 ; gain = 0.000
Phase 5 Sweep | Checksum: 1c0f647f6

Time (s): cpu = 00:00:02 ; elapsed = 00:00:02 . Memory (MB): peak = 1835.449 ; gain = 0.000
Sweep | Checksum: 1c0f647f6
INFO: [Opt 31-389] Phase Sweep created 0 cells and removed 261 cells
INFO: [Opt 31-1021] In phase Sweep, 127 netlist objects are constrained preventing optimization. Please run opt_design with -debug_log to get more detail. 

Phase 6 BUFG optimization
Phase 6 BUFG optimization | Checksum: 1c0f647f6

Time (s): cpu = 00:00:02 ; elapsed = 00:00:02 . Memory (MB): peak = 1835.449 ; gain = 0.000
BUFG optimization | Checksum: 1c0f647f6
INFO: [Opt 31-662] Phase BUFG optimization created 0 cells of which 0 are BUFGs and removed 0 cells.

Phase 7 Shift Register Optimization
INFO: [Opt 31-1064] SRL Remap converted 0 SRLs to 0 registers and converted 0 registers of register chains to 0 SRLs
Phase 7 Shift Register Optimization | Checksum: 1c0f647f6

Time (s): cpu = 00:00:02 ; elapsed = 00:00:02 . Memory (MB): peak = 1835.449 ; gain = 0.000
Shift Register Optimization | Checksum: 1c0f647f6
INFO: [Opt 31-389] Phase Shift Register Optimization created 0 cells and removed 0 cells

Phase 8 Post Processing Netlist
Phase 8 Post Processing Netlist | Checksum: 19995c9c8

Time (s): cpu = 00:00:02 ; elapsed = 00:00:02 . Memory (MB): peak = 1835.449 ; gain = 0.000
Post Processing Netlist | Checksum: 19995c9c8
INFO: [Opt 31-389] Phase Post Processing Netlist created 0 cells and removed 0 cells
INFO: [Opt 31-1021] In phase Post Processing Netlist, 115 netlist objects are constrained preventing optimization. Please run opt_design with -debug_log to get more detail. 

Phase 9 Finalization

Phase 9.1 Finalizing Design Cores and Updating Shapes
Phase 9.1 Finalizing Design Cores and Updating Shapes | Checksum: 1ea3d617b

Time (s): cpu = 00:00:02 ; elapsed = 00:00:02 . Memory (MB): peak = 1835.449 ; gain = 0.000

Phase 9.2 Verifying Netlist Connectivity

Starting Connectivity Check Task

Time (s): cpu = 00:00:00 ; elapsed = 00:00:00.025 . Memory (MB): peak = 1835.449 ; gain = 0.000
Phase 9.2 Verifying Netlist Connectivity | Checksum: 1ea3d617b

Time (s): cpu = 00:00:03 ; elapsed = 00:00:02 . Memory (MB): peak = 1835.449 ; gain = 0.000
Phase 9 Finalization | Checksum: 1ea3d617b

Time (s): cpu = 00:00:03 ; elapsed = 00:00:02 . Memory (MB): peak = 1835.449 ; gain = 0.000
Opt_design Change Summary
=========================


-------------------------------------------------------------------------------------------------------------------------
|  Phase                        |  #Cells created  |  #Cells Removed  |  #Constrained objects preventing optimizations  |
-------------------------------------------------------------------------------------------------------------------------
|  Retarget                     |              32  |             113  |                                            100  |
|  Constant propagation         |              12  |              32  |                                            100  |
|  Sweep                        |               0  |             261  |                                            127  |
|  BUFG optimization            |               0  |               0  |                                              0  |
|  Shift Register Optimization  |               0  |               0  |                                              0  |
|  Post Processing Netlist      |               0  |               0  |                                            115  |
-------------------------------------------------------------------------------------------------------------------------


Ending Logic Optimization Task | Checksum: 1ea3d617b

Time (s): cpu = 00:00:03 ; elapsed = 00:00:02 . Memory (MB): peak = 1835.449 ; gain = 0.000

Starting Power Optimization Task
INFO: [Pwropt 34-132] Skipping clock gating for clocks with a period < 2.00 ns.
INFO: [Pwropt 34-9] Applying IDT optimizations ...
INFO: [Pwropt 34-10] Applying ODC optimizations ...
INFO: [Timing 38-35] Done setting XDC timing constraints.
Running Vector-less Activity Propagation...

Finished Running Vector-less Activity Propagation


Starting PowerOpt Patch Enables Task
INFO: [Pwropt 34-162] WRITE_MODE attribute of 0 BRAM(s) out of a total of 2 has been updated to save power. Run report_power_opt to get a complete listing of the BRAMs updated.
INFO: [Pwropt 34-201] Structural ODC has moved 0 WE to EN ports
Number of BRAM Ports augmented: 2 newly gated: 0 Total Ports: 4
Ending PowerOpt Patch Enables Task | Checksum: 26dcf0937

Time (s): cpu = 00:00:00 ; elapsed = 00:00:00.033 . Memory (MB): peak = 1960.039 ; gain = 0.000
Ending Power Optimization Task | Checksum: 26dcf0937

Time (s): cpu = 00:00:03 ; elapsed = 00:00:02 . Memory (MB): peak = 1960.039 ; gain = 124.590

Starting Final Cleanup Task
Ending Final Cleanup Task | Checksum: 26dcf0937

Time (s): cpu = 00:00:00 ; elapsed = 00:00:00.002 . Memory (MB): peak = 1960.039 ; gain = 0.000

Starting Netlist Obfuscation Task
Netlist sorting complete. Time (s): cpu = 00:00:00 ; elapsed = 00:00:00.003 . Memory (MB): peak = 1960.039 ; gain = 0.000
Ending Netlist Obfuscation Task | Checksum: 21cd33e59

Time (s): cpu = 00:00:00 ; elapsed = 00:00:00.005 . Memory (MB): peak = 1960.039 ; gain = 0.000
INFO: [Common 17-83] Releasing license: Implementation
50 Infos, 6 Warnings, 0 Critical Warnings and 0 Errors encountered.
opt_design completed successfully
opt_design: Time (s): cpu = 00:00:13 ; elapsed = 00:00:11 . Memory (MB): peak = 1960.039 ; gain = 495.316
INFO: [Vivado 12-24828] Executing command : report_drc -file mac_udp_design_wrapper_drc_opted.rpt -pb mac_udp_design_wrapper_drc_opted.pb -rpx mac_udp_design_wrapper_drc_opted.rpx
Command: report_drc -file mac_udp_design_wrapper_drc_opted.rpt -pb mac_udp_design_wrapper_drc_opted.pb -rpx mac_udp_design_wrapper_drc_opted.rpx
INFO: [IP_Flow 19-1839] IP Catalog is up to date.
INFO: [DRC 23-27] Running DRC with 2 threads
INFO: [Vivado_Tcl 2-168] The results of DRC are in file C:/Users/gsfei/OneDrive/Desktop/networkaccel_project/vivado/vivado.runs/impl_1/mac_udp_design_wrapper_drc_opted.rpt.
report_drc completed successfully
INFO: [Timing 38-480] Writing timing data to binary archive.
Write ShapeDB Complete: Time (s): cpu = 00:00:00 ; elapsed = 00:00:00.017 . Memory (MB): peak = 1960.039 ; gain = 0.000
Wrote PlaceDB: Time (s): cpu = 00:00:00 ; elapsed = 00:00:00.033 . Memory (MB): peak = 1960.039 ; gain = 0.000
Wrote PulsedLatchDB: Time (s): cpu = 00:00:00 ; elapsed = 00:00:00.001 . Memory (MB): peak = 1960.039 ; gain = 0.000
Writing XDEF routing.
Writing XDEF routing logical nets.
Writing XDEF routing special nets.
Wrote RouteStorage: Time (s): cpu = 00:00:01 ; elapsed = 00:00:00.025 . Memory (MB): peak = 1960.039 ; gain = 0.000
Wrote Netlist Cache: Time (s): cpu = 00:00:00 ; elapsed = 00:00:00.001 . Memory (MB): peak = 1960.039 ; gain = 0.000
Wrote Device Cache: Time (s): cpu = 00:00:00 ; elapsed = 00:00:00.011 . Memory (MB): peak = 1960.039 ; gain = 0.000
Write Physdb Complete: Time (s): cpu = 00:00:01 ; elapsed = 00:00:00.088 . Memory (MB): peak = 1960.039 ; gain = 0.000
INFO: [Common 17-1381] The checkpoint 'C:/Users/gsfei/OneDrive/Desktop/networkaccel_project/vivado/vivado.runs/impl_1/mac_udp_design_wrapper_opt.dcp' has been generated.
Command: place_design
Attempting to get a license for feature 'Implementation' and/or device 'xc7z020'
INFO: [Common 17-349] Got license for feature 'Implementation' and/or device 'xc7z020'
INFO: [Common 17-83] Releasing license: Implementation
INFO: [DRC 23-27] Running DRC with 2 threads
INFO: [Vivado_Tcl 4-198] DRC finished with 0 Errors
INFO: [Vivado_Tcl 4-199] Please refer to the DRC report (report_drc) for more information.
Running DRC as a precondition to command place_design
INFO: [DRC 23-27] Running DRC with 2 threads
INFO: [Vivado_Tcl 4-198] DRC finished with 0 Errors
INFO: [Vivado_Tcl 4-199] Please refer to the DRC report (report_drc) for more information.
INFO: [Place 30-611] Multithreading enabled for place_design using a maximum of 2 CPUs

Starting Placer Task

Phase 1 Placer Initialization

Phase 1.1 Placer Initialization Netlist Sorting
Netlist sorting complete. Time (s): cpu = 00:00:00 ; elapsed = 00:00:00.003 . Memory (MB): peak = 1960.039 ; gain = 0.000
Phase 1.1 Placer Initialization Netlist Sorting | Checksum: 1d4d3e53b

Time (s): cpu = 00:00:00 ; elapsed = 00:00:00.009 . Memory (MB): peak = 1960.039 ; gain = 0.000
Netlist sorting complete. Time (s): cpu = 00:00:00 ; elapsed = 00:00:00.002 . Memory (MB): peak = 1960.039 ; gain = 0.000

Phase 1.2 IO Placement/ Clock Placement/ Build Placer Device
INFO: [Timing 38-35] Done setting XDC timing constraints.
Phase 1.2 IO Placement/ Clock Placement/ Build Placer Device | Checksum: 79a10e6a

Time (s): cpu = 00:00:01 ; elapsed = 00:00:00.750 . Memory (MB): peak = 1960.039 ; gain = 0.000

Phase 1.3 Build Placer Netlist Model
Phase 1.3 Build Placer Netlist Model | Checksum: 10b5884ea

Time (s): cpu = 00:00:02 ; elapsed = 00:00:02 . Memory (MB): peak = 1960.039 ; gain = 0.000

Phase 1.4 Constrain Clocks/Macros
Phase 1.4 Constrain Clocks/Macros | Checksum: 10b5884ea

Time (s): cpu = 00:00:02 ; elapsed = 00:00:02 . Memory (MB): peak = 1960.039 ; gain = 0.000
Phase 1 Placer Initialization | Checksum: 10b5884ea

Time (s): cpu = 00:00:02 ; elapsed = 00:00:02 . Memory (MB): peak = 1960.039 ; gain = 0.000

Phase 2 Global Placement

Phase 2.1 Floorplanning
Phase 2.1 Floorplanning | Checksum: 18a892dbe

Time (s): cpu = 00:00:02 ; elapsed = 00:00:02 . Memory (MB): peak = 1960.039 ; gain = 0.000

Phase 2.2 Update Timing before SLR Path Opt
Phase 2.2 Update Timing before SLR Path Opt | Checksum: 1dcacd371

Time (s): cpu = 00:00:03 ; elapsed = 00:00:02 . Memory (MB): peak = 1960.039 ; gain = 0.000

Phase 2.3 Post-Processing in Floorplanning
Phase 2.3 Post-Processing in Floorplanning | Checksum: 1dcacd371

Time (s): cpu = 00:00:03 ; elapsed = 00:00:02 . Memory (MB): peak = 1960.039 ; gain = 0.000

Phase 2.4 Global Place Phase1
Phase 2.4 Global Place Phase1 | Checksum: 1a5d434b1

Time (s): cpu = 00:00:06 ; elapsed = 00:00:05 . Memory (MB): peak = 1960.039 ; gain = 0.000

Phase 2.5 Global Place Phase2

Phase 2.5.1 UpdateTiming Before Physical Synthesis
Phase 2.5.1 UpdateTiming Before Physical Synthesis | Checksum: 1a5d434b1

Time (s): cpu = 00:00:07 ; elapsed = 00:00:05 . Memory (MB): peak = 1960.039 ; gain = 0.000

Phase 2.5.2 Physical Synthesis In Placer
INFO: [Physopt 32-1035] Found 0 LUTNM shape to break, 338 LUT instances to create LUTNM shape
INFO: [Physopt 32-1044] Break lutnm for timing: one critical 0, two critical 0, total 0, new lutff created 0
INFO: [Physopt 32-1138] End 1 Pass. Optimized 109 nets or LUTs. Breaked 0 LUT, combined 109 existing LUTs and moved 0 existing LUT
INFO: [Physopt 32-65] No nets found for high-fanout optimization.
INFO: [Physopt 32-232] Optimized 0 net. Created 0 new instance.
INFO: [Physopt 32-775] End 1 Pass. Optimized 0 net or cell. Created 0 new cell, deleted 0 existing cell and moved 0 existing cell
INFO: [Physopt 32-670] No setup violation found.  DSP Register Optimization was not performed.
INFO: [Physopt 32-670] No setup violation found.  Shift Register to Pipeline Optimization was not performed.
INFO: [Physopt 32-670] No setup violation found.  Shift Register Optimization was not performed.
INFO: [Physopt 32-670] No setup violation found.  BRAM Register Optimization was not performed.
INFO: [Physopt 32-670] No setup violation found.  URAM Register Optimization was not performed.
INFO: [Physopt 32-949] No candidate nets found for dynamic/static region interface net replication
INFO: [Physopt 32-775] End 1 Pass. Optimized 0 net or cell. Created 0 new cell, deleted 0 existing cell and moved 0 existing cell
Netlist sorting complete. Time (s): cpu = 00:00:00 ; elapsed = 00:00:00.002 . Memory (MB): peak = 1960.039 ; gain = 0.000

Summary of Physical Synthesis Optimizations
============================================


-----------------------------------------------------------------------------------------------------------------------------------------------------------
|  Optimization                                     |  Added Cells  |  Removed Cells  |  Optimized Cells/Nets  |  Dont Touch  |  Iterations  |  Elapsed   |
-----------------------------------------------------------------------------------------------------------------------------------------------------------
|  LUT Combining                                    |            0  |            109  |                   109  |           0  |           1  |  00:00:00  |
|  Retime                                           |            0  |              0  |                     0  |           0  |           1  |  00:00:00  |
|  Very High Fanout                                 |            0  |              0  |                     0  |           0  |           1  |  00:00:00  |
|  DSP Register                                     |            0  |              0  |                     0  |           0  |           0  |  00:00:00  |
|  Shift Register to Pipeline                       |            0  |              0  |                     0  |           0  |           0  |  00:00:00  |
|  Shift Register                                   |            0  |              0  |                     0  |           0  |           0  |  00:00:00  |
|  BRAM Register                                    |            0  |              0  |                     0  |           0  |           0  |  00:00:00  |
|  URAM Register                                    |            0  |              0  |                     0  |           0  |           0  |  00:00:00  |
|  Dynamic/Static Region Interface Net Replication  |            0  |              0  |                     0  |           0  |           1  |  00:00:00  |
|  Total                                            |            0  |            109  |                   109  |           0  |           4  |  00:00:00  |
-----------------------------------------------------------------------------------------------------------------------------------------------------------


Phase 2.5.2 Physical Synthesis In Placer | Checksum: 18acd7609

Time (s): cpu = 00:00:07 ; elapsed = 00:00:05 . Memory (MB): peak = 1960.039 ; gain = 0.000
Phase 2.5 Global Place Phase2 | Checksum: d7505737

Time (s): cpu = 00:00:08 ; elapsed = 00:00:06 . Memory (MB): peak = 1960.039 ; gain = 0.000
Phase 2 Global Placement | Checksum: d7505737

Time (s): cpu = 00:00:08 ; elapsed = 00:00:06 . Memory (MB): peak = 1960.039 ; gain = 0.000

Phase 3 Detail Placement

Phase 3.1 Commit Multi Column Macros
Phase 3.1 Commit Multi Column Macros | Checksum: 15fc1bdb2

Time (s): cpu = 00:00:08 ; elapsed = 00:00:06 . Memory (MB): peak = 1960.039 ; gain = 0.000

Phase 3.2 Commit Most Macros & LUTRAMs
Phase 3.2 Commit Most Macros & LUTRAMs | Checksum: 1e5d58ea2

Time (s): cpu = 00:00:09 ; elapsed = 00:00:06 . Memory (MB): peak = 1960.039 ; gain = 0.000

Phase 3.3 Area Swap Optimization
Phase 3.3 Area Swap Optimization | Checksum: 2301bd8a9

Time (s): cpu = 00:00:09 ; elapsed = 00:00:06 . Memory (MB): peak = 1960.039 ; gain = 0.000

Phase 3.4 Pipeline Register Optimization
Phase 3.4 Pipeline Register Optimization | Checksum: 2344529ca

Time (s): cpu = 00:00:09 ; elapsed = 00:00:06 . Memory (MB): peak = 1960.039 ; gain = 0.000

Phase 3.5 Small Shape Detail Placement
Phase 3.5 Small Shape Detail Placement | Checksum: 1f0fa7012

Time (s): cpu = 00:00:10 ; elapsed = 00:00:08 . Memory (MB): peak = 1960.039 ; gain = 0.000

Phase 3.6 Re-assign LUT pins
Phase 3.6 Re-assign LUT pins | Checksum: 1e629ee05

Time (s): cpu = 00:00:11 ; elapsed = 00:00:08 . Memory (MB): peak = 1960.039 ; gain = 0.000

Phase 3.7 Pipeline Register Optimization
Phase 3.7 Pipeline Register Optimization | Checksum: 12f49c8a4

Time (s): cpu = 00:00:11 ; elapsed = 00:00:08 . Memory (MB): peak = 1960.039 ; gain = 0.000
Phase 3 Detail Placement | Checksum: 12f49c8a4

Time (s): cpu = 00:00:11 ; elapsed = 00:00:08 . Memory (MB): peak = 1960.039 ; gain = 0.000

Phase 4 Post Placement Optimization and Clean-Up

Phase 4.1 Post Commit Optimization
INFO: [Timing 38-35] Done setting XDC timing constraints.

Phase 4.1.1 Post Placement Optimization
Post Placement Optimization Initialization | Checksum: 1c5d0d137

Phase 4.1.1.1 BUFG Insertion

Starting Physical Synthesis Task

Phase 1 Physical Synthesis Initialization
INFO: [Physopt 32-721] Multithreading enabled for phys_opt_design using a maximum of 2 CPUs
INFO: [Physopt 32-619] Estimated Timing Summary | WNS=11.492 | TNS=0.000 |
Phase 1 Physical Synthesis Initialization | Checksum: 14d33c276

Time (s): cpu = 00:00:01 ; elapsed = 00:00:00.180 . Memory (MB): peak = 1960.039 ; gain = 0.000
INFO: [Place 46-56] BUFG insertion identified 0 candidate nets. Inserted BUFG: 0, Replicated BUFG Driver: 0, Skipped due to Placement/Routing Conflicts: 0, Skipped due to Timing Degradation: 0, Skipped due to netlist editing failed: 0.
Ending Physical Synthesis Task | Checksum: 152ada243

Time (s): cpu = 00:00:01 ; elapsed = 00:00:00.217 . Memory (MB): peak = 1960.039 ; gain = 0.000
Phase 4.1.1.1 BUFG Insertion | Checksum: 1c5d0d137

Time (s): cpu = 00:00:13 ; elapsed = 00:00:09 . Memory (MB): peak = 1960.039 ; gain = 0.000

Phase 4.1.1.2 Post Placement Timing Optimization
INFO: [Place 30-746] Post Placement Timing Summary WNS=11.492. For the most accurate timing information please run report_timing.
Phase 4.1.1.2 Post Placement Timing Optimization | Checksum: 154f65db6

Time (s): cpu = 00:00:13 ; elapsed = 00:00:09 . Memory (MB): peak = 1960.039 ; gain = 0.000

Time (s): cpu = 00:00:13 ; elapsed = 00:00:09 . Memory (MB): peak = 1960.039 ; gain = 0.000
Phase 4.1 Post Commit Optimization | Checksum: 154f65db6

Time (s): cpu = 00:00:13 ; elapsed = 00:00:09 . Memory (MB): peak = 1960.039 ; gain = 0.000

Phase 4.2 Post Placement Cleanup
Phase 4.2 Post Placement Cleanup | Checksum: 154f65db6

Time (s): cpu = 00:00:13 ; elapsed = 00:00:09 . Memory (MB): peak = 1960.039 ; gain = 0.000

Phase 4.3 Placer Reporting

Phase 4.3.1 Print Estimated Congestion
INFO: [Place 30-612] Post-Placement Estimated Congestion 
 ____________________________________________________
|           | Global Congestion | Short Congestion  |
| Direction | Region Size       | Region Size       |
|___________|___________________|___________________|
|      North|                1x1|                1x1|
|___________|___________________|___________________|
|      South|                1x1|                2x2|
|___________|___________________|___________________|
|       East|                1x1|                1x1|
|___________|___________________|___________________|
|       West|                1x1|                1x1|
|___________|___________________|___________________|

Phase 4.3.1 Print Estimated Congestion | Checksum: 154f65db6

Time (s): cpu = 00:00:13 ; elapsed = 00:00:09 . Memory (MB): peak = 1960.039 ; gain = 0.000
Phase 4.3 Placer Reporting | Checksum: 154f65db6

Time (s): cpu = 00:00:13 ; elapsed = 00:00:10 . Memory (MB): peak = 1960.039 ; gain = 0.000

Phase 4.4 Final Placement Cleanup
Netlist sorting complete. Time (s): cpu = 00:00:00 ; elapsed = 00:00:00.003 . Memory (MB): peak = 1960.039 ; gain = 0.000

Time (s): cpu = 00:00:13 ; elapsed = 00:00:10 . Memory (MB): peak = 1960.039 ; gain = 0.000
Phase 4 Post Placement Optimization and Clean-Up | Checksum: 1718a4695

Time (s): cpu = 00:00:13 ; elapsed = 00:00:10 . Memory (MB): peak = 1960.039 ; gain = 0.000
Ending Placer Task | Checksum: 127423204

Time (s): cpu = 00:00:13 ; elapsed = 00:00:10 . Memory (MB): peak = 1960.039 ; gain = 0.000
85 Infos, 6 Warnings, 0 Critical Warnings and 0 Errors encountered.
place_design completed successfully
place_design: Time (s): cpu = 00:00:16 ; elapsed = 00:00:11 . Memory (MB): peak = 1960.039 ; gain = 0.000
INFO: [Vivado 12-24838] Running report commands "report_control_sets, report_io, report_utilization" in parallel.
Running report generation with 2 threads.
INFO: [Vivado 12-24828] Executing command : report_io -file mac_udp_design_wrapper_io_placed.rpt
report_io: Time (s): cpu = 00:00:00 ; elapsed = 00:00:00.035 . Memory (MB): peak = 1960.039 ; gain = 0.000
INFO: [Vivado 12-24828] Executing command : report_control_sets -verbose -file mac_udp_design_wrapper_control_sets_placed.rpt
report_control_sets: Time (s): cpu = 00:00:00 ; elapsed = 00:00:00.020 . Memory (MB): peak = 1960.039 ; gain = 0.000
INFO: [Vivado 12-24828] Executing command : report_utilization -file mac_udp_design_wrapper_utilization_placed.rpt -pb mac_udp_design_wrapper_utilization_placed.pb
INFO: [Timing 38-480] Writing timing data to binary archive.
Write ShapeDB Complete: Time (s): cpu = 00:00:00 ; elapsed = 00:00:00.028 . Memory (MB): peak = 1960.039 ; gain = 0.000
Wrote PlaceDB: Time (s): cpu = 00:00:02 ; elapsed = 00:00:00.400 . Memory (MB): peak = 1960.039 ; gain = 0.000
Wrote PulsedLatchDB: Time (s): cpu = 00:00:00 ; elapsed = 00:00:00 . Memory (MB): peak = 1960.039 ; gain = 0.000
Writing XDEF routing.
Writing XDEF routing logical nets.
Writing XDEF routing special nets.
Wrote RouteStorage: Time (s): cpu = 00:00:00 ; elapsed = 00:00:00.027 . Memory (MB): peak = 1960.039 ; gain = 0.000
Wrote Netlist Cache: Time (s): cpu = 00:00:00 ; elapsed = 00:00:00.009 . Memory (MB): peak = 1960.039 ; gain = 0.000
Wrote Device Cache: Time (s): cpu = 00:00:00 ; elapsed = 00:00:00.011 . Memory (MB): peak = 1960.039 ; gain = 0.000
Write Physdb Complete: Time (s): cpu = 00:00:02 ; elapsed = 00:00:00.468 . Memory (MB): peak = 1960.039 ; gain = 0.000
INFO: [Common 17-1381] The checkpoint 'C:/Users/gsfei/OneDrive/Desktop/networkaccel_project/vivado/vivado.runs/impl_1/mac_udp_design_wrapper_placed.dcp' has been generated.
Command: phys_opt_design
Attempting to get a license for feature 'Implementation' and/or device 'xc7z020'
INFO: [Common 17-349] Got license for feature 'Implementation' and/or device 'xc7z020'

Starting Initial Update Timing Task

Time (s): cpu = 00:00:02 ; elapsed = 00:00:01 . Memory (MB): peak = 1960.039 ; gain = 0.000
INFO: [Vivado_Tcl 4-2279] Estimated Timing Summary | WNS= 11.492 | TNS= 0.000 | 
INFO: [Vivado_Tcl 4-383] Design worst setup slack (WNS) is greater than or equal to 0.000 ns. All physical synthesis setup optimizations will be skipped.
INFO: [Vivado_Tcl 4-232] No setup violation found. The netlist was not modified.
INFO: [Common 17-83] Releasing license: Implementation
96 Infos, 6 Warnings, 0 Critical Warnings and 0 Errors encountered.
phys_opt_design completed successfully
INFO: [Timing 38-480] Writing timing data to binary archive.
Write ShapeDB Complete: Time (s): cpu = 00:00:00 ; elapsed = 00:00:00.037 . Memory (MB): peak = 1960.039 ; gain = 0.000
Wrote PlaceDB: Time (s): cpu = 00:00:01 ; elapsed = 00:00:00.400 . Memory (MB): peak = 1960.039 ; gain = 0.000
Wrote PulsedLatchDB: Time (s): cpu = 00:00:00 ; elapsed = 00:00:00 . Memory (MB): peak = 1960.039 ; gain = 0.000
Writing XDEF routing.
Writing XDEF routing logical nets.
Writing XDEF routing special nets.
Wrote RouteStorage: Time (s): cpu = 00:00:00 ; elapsed = 00:00:00.026 . Memory (MB): peak = 1960.039 ; gain = 0.000
Wrote Netlist Cache: Time (s): cpu = 00:00:00 ; elapsed = 00:00:00.010 . Memory (MB): peak = 1960.039 ; gain = 0.000
Wrote Device Cache: Time (s): cpu = 00:00:00 ; elapsed = 00:00:00.012 . Memory (MB): peak = 1960.039 ; gain = 0.000
Write Physdb Complete: Time (s): cpu = 00:00:01 ; elapsed = 00:00:00.469 . Memory (MB): peak = 1960.039 ; gain = 0.000
INFO: [Common 17-1381] The checkpoint 'C:/Users/gsfei/OneDrive/Desktop/networkaccel_project/vivado/vivado.runs/impl_1/mac_udp_design_wrapper_physopt.dcp' has been generated.
Command: route_design
Attempting to get a license for feature 'Implementation' and/or device 'xc7z020'
INFO: [Common 17-349] Got license for feature 'Implementation' and/or device 'xc7z020'


Starting Routing Task
INFO: [Route 35-254] Multithreading enabled for route_design using a maximum of 2 CPUs

Phase 1 Build RT Design
Checksum: PlaceDB: aaa2f4ef ConstDB: 0 ShapeSum: 66a5ca25 RouteDB: 15f972f0
Post Restoration Checksum: NetGraph: b496e6f3 | NumContArr: 9daed0fa | Constraints: c2a8fa9d | Timing: c2a8fa9d
Phase 1 Build RT Design | Checksum: 2d797ad27

Time (s): cpu = 00:00:20 ; elapsed = 00:00:17 . Memory (MB): peak = 2054.773 ; gain = 94.734

Phase 2 Router Initialization

Phase 2.1 Fix Topology Constraints
Phase 2.1 Fix Topology Constraints | Checksum: 2d797ad27

Time (s): cpu = 00:00:20 ; elapsed = 00:00:17 . Memory (MB): peak = 2054.773 ; gain = 94.734

Phase 2.2 Pre Route Cleanup
Phase 2.2 Pre Route Cleanup | Checksum: 2d797ad27

Time (s): cpu = 00:00:20 ; elapsed = 00:00:17 . Memory (MB): peak = 2054.773 ; gain = 94.734
 Number of Nodes with overlaps = 0

Phase 2.3 Update Timing
Phase 2.3 Update Timing | Checksum: 1e56c3290

Time (s): cpu = 00:00:22 ; elapsed = 00:00:18 . Memory (MB): peak = 2095.816 ; gain = 135.777
INFO: [Route 35-416] Intermediate Timing Summary | WNS=11.460 | TNS=0.000  | WHS=-0.260 | THS=-130.724|


Router Utilization Summary
  Global Vertical Routing Utilization    = 0 %
  Global Horizontal Routing Utilization  = 0 %
  Routable Net Status*
  *Does not include unroutable nets such as driverless and loadless.
  Run report_route_status for detailed report.
  Number of Failed Nets               = 6036
    (Failed Nets is the sum of unrouted and partially routed nets)
  Number of Unrouted Nets             = 6036
  Number of Partially Routed Nets     = 0
  Number of Node Overlaps             = 0

Phase 2 Router Initialization | Checksum: 1b47d0cc6

Time (s): cpu = 00:00:23 ; elapsed = 00:00:19 . Memory (MB): peak = 2095.816 ; gain = 135.777

Phase 3 Global Routing
Phase 3 Global Routing | Checksum: 1b47d0cc6

Time (s): cpu = 00:00:23 ; elapsed = 00:00:19 . Memory (MB): peak = 2095.816 ; gain = 135.777

Phase 4 Initial Routing

Phase 4.1 Initial Net Routing Pass
Phase 4.1 Initial Net Routing Pass | Checksum: 1de1419c8

Time (s): cpu = 00:00:23 ; elapsed = 00:00:19 . Memory (MB): peak = 2095.816 ; gain = 135.777
Phase 4 Initial Routing | Checksum: 1de1419c8

Time (s): cpu = 00:00:23 ; elapsed = 00:00:19 . Memory (MB): peak = 2095.816 ; gain = 135.777

Phase 5 Rip-up And Reroute

Phase 5.1 Global Iteration 0
 Number of Nodes with overlaps = 346
 Number of Nodes with overlaps = 3
 Number of Nodes with overlaps = 0
INFO: [Route 35-416] Intermediate Timing Summary | WNS=11.081 | TNS=0.000  | WHS=N/A    | THS=N/A    |

Phase 5.1 Global Iteration 0 | Checksum: 24ec93e13

Time (s): cpu = 00:00:25 ; elapsed = 00:00:21 . Memory (MB): peak = 2095.816 ; gain = 135.777

Phase 5.2 Global Iteration 1
 Number of Nodes with overlaps = 0
INFO: [Route 35-416] Intermediate Timing Summary | WNS=11.081 | TNS=0.000  | WHS=N/A    | THS=N/A    |

Phase 5.2 Global Iteration 1 | Checksum: 24a80cf48

Time (s): cpu = 00:00:26 ; elapsed = 00:00:21 . Memory (MB): peak = 2095.816 ; gain = 135.777

Phase 5.3 Global Iteration 2
 Number of Nodes with overlaps = 0
INFO: [Route 35-416] Intermediate Timing Summary | WNS=11.081 | TNS=0.000  | WHS=N/A    | THS=N/A    |

Phase 5.3 Global Iteration 2 | Checksum: 1b57fd822

Time (s): cpu = 00:00:26 ; elapsed = 00:00:21 . Memory (MB): peak = 2095.816 ; gain = 135.777
Phase 5 Rip-up And Reroute | Checksum: 1b57fd822

Time (s): cpu = 00:00:26 ; elapsed = 00:00:21 . Memory (MB): peak = 2095.816 ; gain = 135.777

Phase 6 Delay and Skew Optimization

Phase 6.1 Delay CleanUp
Phase 6.1 Delay CleanUp | Checksum: 1b57fd822

Time (s): cpu = 00:00:26 ; elapsed = 00:00:21 . Memory (MB): peak = 2095.816 ; gain = 135.777

Phase 6.2 Clock Skew Optimization
Phase 6.2 Clock Skew Optimization | Checksum: 1b57fd822

Time (s): cpu = 00:00:26 ; elapsed = 00:00:21 . Memory (MB): peak = 2095.816 ; gain = 135.777
Phase 6 Delay and Skew Optimization | Checksum: 1b57fd822

Time (s): cpu = 00:00:26 ; elapsed = 00:00:21 . Memory (MB): peak = 2095.816 ; gain = 135.777

Phase 7 Post Hold Fix

Phase 7.1 Hold Fix Iter
INFO: [Route 35-416] Intermediate Timing Summary | WNS=11.196 | TNS=0.000  | WHS=0.022  | THS=0.000  |

Phase 7.1 Hold Fix Iter | Checksum: 1e7dd1d5d

Time (s): cpu = 00:00:26 ; elapsed = 00:00:21 . Memory (MB): peak = 2095.816 ; gain = 135.777
Phase 7 Post Hold Fix | Checksum: 1e7dd1d5d

Time (s): cpu = 00:00:26 ; elapsed = 00:00:21 . Memory (MB): peak = 2095.816 ; gain = 135.777

Phase 8 Route finalize

Router Utilization Summary
  Global Vertical Routing Utilization    = 0.847054 %
  Global Horizontal Routing Utilization  = 1.07454 %
  Routable Net Status*
  *Does not include unroutable nets such as driverless and loadless.
  Run report_route_status for detailed report.
  Number of Failed Nets               = 0
    (Failed Nets is the sum of unrouted and partially routed nets)
  Number of Unrouted Nets             = 0
  Number of Partially Routed Nets     = 0
  Number of Node Overlaps             = 0

Phase 8 Route finalize | Checksum: 1e7dd1d5d

Time (s): cpu = 00:00:26 ; elapsed = 00:00:21 . Memory (MB): peak = 2095.816 ; gain = 135.777

Phase 9 Verifying routed nets

 Verification completed successfully
Phase 9 Verifying routed nets | Checksum: 1e7dd1d5d

Time (s): cpu = 00:00:26 ; elapsed = 00:00:21 . Memory (MB): peak = 2095.816 ; gain = 135.777

Phase 10 Depositing Routes
Phase 10 Depositing Routes | Checksum: 1fcff4fe6

Time (s): cpu = 00:00:26 ; elapsed = 00:00:22 . Memory (MB): peak = 2095.816 ; gain = 135.777

Phase 11 Post Process Routing
Phase 11 Post Process Routing | Checksum: 1fcff4fe6

Time (s): cpu = 00:00:26 ; elapsed = 00:00:22 . Memory (MB): peak = 2095.816 ; gain = 135.777

Phase 12 Post Router Timing
INFO: [Route 35-57] Estimated Timing Summary | WNS=11.196 | TNS=0.000  | WHS=0.022  | THS=0.000  |

INFO: [Route 35-327] The final timing numbers are based on the router estimated timing analysis. For a complete and accurate timing signoff, please run report_timing_summary.
Phase 12 Post Router Timing | Checksum: 1fcff4fe6

Time (s): cpu = 00:00:27 ; elapsed = 00:00:22 . Memory (MB): peak = 2095.816 ; gain = 135.777
Total Elapsed time in route_design: 21.6 secs

Phase 13 Post-Route Event Processing
Phase 13 Post-Route Event Processing | Checksum: 1cdc6ace4

Time (s): cpu = 00:00:27 ; elapsed = 00:00:22 . Memory (MB): peak = 2095.816 ; gain = 135.777
INFO: [Route 35-16] Router Completed Successfully
Ending Routing Task | Checksum: 1cdc6ace4

Time (s): cpu = 00:00:27 ; elapsed = 00:00:22 . Memory (MB): peak = 2095.816 ; gain = 135.777

Routing Is Done.
INFO: [Common 17-83] Releasing license: Implementation
109 Infos, 6 Warnings, 0 Critical Warnings and 0 Errors encountered.
route_design completed successfully
route_design: Time (s): cpu = 00:00:27 ; elapsed = 00:00:22 . Memory (MB): peak = 2095.816 ; gain = 135.777
INFO: [Vivado 12-24828] Executing command : report_drc -file mac_udp_design_wrapper_drc_routed.rpt -pb mac_udp_design_wrapper_drc_routed.pb -rpx mac_udp_design_wrapper_drc_routed.rpx
Command: report_drc -file mac_udp_design_wrapper_drc_routed.rpt -pb mac_udp_design_wrapper_drc_routed.pb -rpx mac_udp_design_wrapper_drc_routed.rpx
INFO: [IP_Flow 19-1839] IP Catalog is up to date.
INFO: [DRC 23-27] Running DRC with 2 threads
INFO: [Vivado_Tcl 2-168] The results of DRC are in file C:/Users/gsfei/OneDrive/Desktop/networkaccel_project/vivado/vivado.runs/impl_1/mac_udp_design_wrapper_drc_routed.rpt.
report_drc completed successfully
INFO: [Vivado 12-24828] Executing command : report_methodology -file mac_udp_design_wrapper_methodology_drc_routed.rpt -pb mac_udp_design_wrapper_methodology_drc_routed.pb -rpx mac_udp_design_wrapper_methodology_drc_routed.rpx
Command: report_methodology -file mac_udp_design_wrapper_methodology_drc_routed.rpt -pb mac_udp_design_wrapper_methodology_drc_routed.pb -rpx mac_udp_design_wrapper_methodology_drc_routed.rpx
INFO: [Timing 38-35] Done setting XDC timing constraints.
INFO: [DRC 23-133] Running Methodology with 2 threads
INFO: [Vivado_Tcl 2-1520] The results of Report Methodology are in file C:/Users/gsfei/OneDrive/Desktop/networkaccel_project/vivado/vivado.runs/impl_1/mac_udp_design_wrapper_methodology_drc_routed.rpt.
report_methodology completed successfully
INFO: [Vivado 12-24828] Executing command : report_timing_summary -max_paths 10 -report_unconstrained -file mac_udp_design_wrapper_timing_summary_routed.rpt -pb mac_udp_design_wrapper_timing_summary_routed.pb -rpx mac_udp_design_wrapper_timing_summary_routed.rpx -warn_on_violation 
INFO: [Timing 38-35] Done setting XDC timing constraints.
INFO: [Timing 38-91] UpdateTimingParams: Speed grade: -1, Delay Type: min_max.
INFO: [Timing 38-191] Multithreading enabled for timing update using a maximum of 2 CPUs
INFO: [Vivado 12-24838] Running report commands "report_incremental_reuse, report_route_status" in parallel.
Running report generation with 2 threads.
INFO: [Vivado 12-24828] Executing command : report_incremental_reuse -file mac_udp_design_wrapper_incremental_reuse_routed.rpt
INFO: [Vivado_Tcl 4-1062] Incremental flow is disabled. No incremental reuse Info to report.
INFO: [Vivado 12-24828] Executing command : report_route_status -file mac_udp_design_wrapper_route_status.rpt -pb mac_udp_design_wrapper_route_status.pb
INFO: [Vivado 12-24828] Executing command : report_power -file mac_udp_design_wrapper_power_routed.rpt -pb mac_udp_design_wrapper_power_summary_routed.pb -rpx mac_udp_design_wrapper_power_routed.rpx
Command: report_power -file mac_udp_design_wrapper_power_routed.rpt -pb mac_udp_design_wrapper_power_summary_routed.pb -rpx mac_udp_design_wrapper_power_routed.rpx
Running Vector-less Activity Propagation...

Finished Running Vector-less Activity Propagation
WARNING: [Power 33-332] Found switching activity that implies high-fanout reset nets being asserted for excessive periods of time which may result in inaccurate power analysis.
Resolution: To review and fix problems, please run Power Constraints Advisor in the GUI from Tools > Power Constraints Advisor or run report_power with the -advisory option to generate a text report.
126 Infos, 7 Warnings, 0 Critical Warnings and 0 Errors encountered.
report_power completed successfully
INFO: [Vivado 12-24828] Executing command : report_clock_utilization -file mac_udp_design_wrapper_clock_utilization_routed.rpt
INFO: [Vivado 12-24828] Executing command : report_bus_skew -warn_on_violation -file mac_udp_design_wrapper_bus_skew_routed.rpt -pb mac_udp_design_wrapper_bus_skew_routed.pb -rpx mac_udp_design_wrapper_bus_skew_routed.rpx
INFO: [Timing 38-91] UpdateTimingParams: Speed grade: -1, Delay Type: min_max.
INFO: [Timing 38-191] Multithreading enabled for timing update using a maximum of 2 CPUs
generate_parallel_reports: Time (s): cpu = 00:00:15 ; elapsed = 00:00:08 . Memory (MB): peak = 2177.926 ; gain = 82.109
INFO: [Timing 38-480] Writing timing data to binary archive.
Write ShapeDB Complete: Time (s): cpu = 00:00:00 ; elapsed = 00:00:00.029 . Memory (MB): peak = 2194.637 ; gain = 9.191
Wrote PlaceDB: Time (s): cpu = 00:00:01 ; elapsed = 00:00:00.416 . Memory (MB): peak = 2219.723 ; gain = 34.277
Wrote PulsedLatchDB: Time (s): cpu = 00:00:00 ; elapsed = 00:00:00 . Memory (MB): peak = 2219.723 ; gain = 0.000
Writing XDEF routing.
Writing XDEF routing logical nets.
Writing XDEF routing special nets.
Wrote RouteStorage: Time (s): cpu = 00:00:00 ; elapsed = 00:00:00.060 . Memory (MB): peak = 2219.723 ; gain = 0.000
Wrote Netlist Cache: Time (s): cpu = 00:00:00 ; elapsed = 00:00:00.010 . Memory (MB): peak = 2219.723 ; gain = 0.000
Wrote Device Cache: Time (s): cpu = 00:00:00 ; elapsed = 00:00:00.012 . Memory (MB): peak = 2219.723 ; gain = 0.000
Write Physdb Complete: Time (s): cpu = 00:00:01 ; elapsed = 00:00:00.518 . Memory (MB): peak = 2219.723 ; gain = 34.277
INFO: [Common 17-1381] The checkpoint 'C:/Users/gsfei/OneDrive/Desktop/networkaccel_project/vivado/vivado.runs/impl_1/mac_udp_design_wrapper_routed.dcp' has been generated.
INFO: [Memdata 28-167] Found XPM memory block mac_udp_design_i/smartconnect_1/inst/s00_nodes/s00_w_node/inst/inst_mi_handler/gen_normal_area.inst_fifo_node_payld/gen_xpm_memory_fifo.inst_fifo/gen_mem_rep[0].inst_xpm_memory/xpm_memory_base_inst with a P_MEMORY_PRIMITIVE property set to distributed. A value of block is required. You will not be able to use the updatemem program to update the bitstream with new data for the mac_udp_design_i/smartconnect_1/inst/s00_nodes/s00_w_node/inst/inst_mi_handler/gen_normal_area.inst_fifo_node_payld/gen_xpm_memory_fifo.inst_fifo/gen_mem_rep[0].inst_xpm_memory/xpm_memory_base_inst block.
INFO: [Memdata 28-167] Found XPM memory block mac_udp_design_i/smartconnect_1/inst/s00_nodes/s00_b_node/inst/inst_mi_handler/gen_normal_area.inst_fifo_node_payld/gen_xpm_memory_fifo.inst_fifo/gen_mem_rep[0].inst_xpm_memory/xpm_memory_base_inst with a P_MEMORY_PRIMITIVE property set to distributed. A value of block is required. You will not be able to use the updatemem program to update the bitstream with new data for the mac_udp_design_i/smartconnect_1/inst/s00_nodes/s00_b_node/inst/inst_mi_handler/gen_normal_area.inst_fifo_node_payld/gen_xpm_memory_fifo.inst_fifo/gen_mem_rep[0].inst_xpm_memory/xpm_memory_base_inst block.
INFO: [Memdata 28-167] Found XPM memory block mac_udp_design_i/smartconnect_1/inst/s00_nodes/s00_aw_node/inst/inst_mi_handler/gen_normal_area.inst_fifo_node_payld/gen_xpm_memory_fifo.inst_fifo/gen_mem_rep[0].inst_xpm_memory/xpm_memory_base_inst with a P_MEMORY_PRIMITIVE property set to distributed. A value of block is required. You will not be able to use the updatemem program to update the bitstream with new data for the mac_udp_design_i/smartconnect_1/inst/s00_nodes/s00_aw_node/inst/inst_mi_handler/gen_normal_area.inst_fifo_node_payld/gen_xpm_memory_fifo.inst_fifo/gen_mem_rep[0].inst_xpm_memory/xpm_memory_base_inst block.
INFO: [Memdata 28-167] Found XPM memory block mac_udp_design_i/smartconnect_0/inst/s00_nodes/s00_r_node/inst/inst_mi_handler/gen_normal_area.inst_fifo_node_payld/gen_xpm_memory_fifo.inst_fifo/gen_mem_rep[0].inst_xpm_memory/xpm_memory_base_inst with a P_MEMORY_PRIMITIVE property set to distributed. A value of block is required. You will not be able to use the updatemem program to update the bitstream with new data for the mac_udp_design_i/smartconnect_0/inst/s00_nodes/s00_r_node/inst/inst_mi_handler/gen_normal_area.inst_fifo_node_payld/gen_xpm_memory_fifo.inst_fifo/gen_mem_rep[0].inst_xpm_memory/xpm_memory_base_inst block.
INFO: [Memdata 28-167] Found XPM memory block mac_udp_design_i/smartconnect_0/inst/s00_nodes/s00_ar_node/inst/inst_mi_handler/gen_normal_area.inst_fifo_node_payld/gen_xpm_memory_fifo.inst_fifo/gen_mem_rep[0].inst_xpm_memory/xpm_memory_base_inst with a P_MEMORY_PRIMITIVE property set to distributed. A value of block is required. You will not be able to use the updatemem program to update the bitstream with new data for the mac_udp_design_i/smartconnect_0/inst/s00_nodes/s00_ar_node/inst/inst_mi_handler/gen_normal_area.inst_fifo_node_payld/gen_xpm_memory_fifo.inst_fifo/gen_mem_rep[0].inst_xpm_memory/xpm_memory_base_inst block.
INFO: [Memdata 28-208] The XPM instance: <mac_udp_design_i/axi_dma_PS2PL/U0/I_PRMRY_DATAMOVER/GEN_MM2S_FULL.I_MM2S_FULL_WRAPPER/GEN_INCLUDE_MM2S_SF.I_RD_SF/I_DATA_FIFO/BLK_MEM.I_SYNC_FIFOGEN_FIFO/xpm_fifo_instance.xpm_fifo_sync_inst/xpm_fifo_base_inst/gen_sdpram.xpm_memory_base_inst> is part of IP: <mac_udp_design_i/axi_dma_PS2PL>. This XPM instance will be excluded from the .mmi because updatemem is prohibited from making changes to an XPM that is part of an IP.
INFO: [Memdata 28-167] Found XPM memory block mac_udp_design_i/axi_dma_PL2PS/U0/I_PRMRY_DATAMOVER/GEN_S2MM_FULL.I_S2MM_FULL_WRAPPER/GEN_ENABLE_INDET_BTT_SF.I_INDET_BTT/I_XD_FIFO/NON_BLK_MEM.I_SYNC_FIFOGEN_FIFO/xpm_fifo_instance.xpm_fifo_sync_inst/xpm_fifo_base_inst/gen_sdpram.xpm_memory_base_inst with a P_MEMORY_PRIMITIVE property set to auto. A value of block is required. You will not be able to use the updatemem program to update the bitstream with new data for the mac_udp_design_i/axi_dma_PL2PS/U0/I_PRMRY_DATAMOVER/GEN_S2MM_FULL.I_S2MM_FULL_WRAPPER/GEN_ENABLE_INDET_BTT_SF.I_INDET_BTT/I_XD_FIFO/NON_BLK_MEM.I_SYNC_FIFOGEN_FIFO/xpm_fifo_instance.xpm_fifo_sync_inst/xpm_fifo_base_inst/gen_sdpram.xpm_memory_base_inst block.
INFO: [Memdata 28-208] The XPM instance: <mac_udp_design_i/axi_dma_PL2PS/U0/I_PRMRY_DATAMOVER/GEN_S2MM_FULL.I_S2MM_FULL_WRAPPER/GEN_ENABLE_INDET_BTT_SF.I_INDET_BTT/I_DATA_FIFO/BLK_MEM.I_SYNC_FIFOGEN_FIFO/xpm_fifo_instance.xpm_fifo_sync_inst/xpm_fifo_base_inst/gen_sdpram.xpm_memory_base_inst> is part of IP: <mac_udp_design_i/axi_dma_PL2PS>. This XPM instance will be excluded from the .mmi because updatemem is prohibited from making changes to an XPM that is part of an IP.
Command: write_bitstream -force mac_udp_design_wrapper.bit
Attempting to get a license for feature 'Implementation' and/or device 'xc7z020'
INFO: [Common 17-349] Got license for feature 'Implementation' and/or device 'xc7z020'
Running DRC as a precondition to command write_bitstream
INFO: [IP_Flow 19-1839] IP Catalog is up to date.
INFO: [DRC 23-27] Running DRC with 2 threads
INFO: [Vivado 12-3199] DRC finished with 0 Errors
INFO: [Vivado 12-3200] Please refer to the DRC report (report_drc) for more information.
INFO: [Designutils 20-2272] Running write_bitstream with 2 threads.
Loading data files...
Loading site data...
Loading route data...
Processing options...
Creating bitmap...
Creating bitstream...
Writing bitstream ./mac_udp_design_wrapper.bit...
INFO: [Vivado 12-1842] Bitgen Completed Successfully.
INFO: [Project 1-1876] WebTalk data collection is mandatory when using a ULT device. To see the specific WebTalk data collected for your design, open the usage_statistics_webtalk.html or usage_statistics_webtalk.xml file in the implementation directory.
INFO: [Common 17-83] Releasing license: Implementation
149 Infos, 7 Warnings, 0 Critical Warnings and 0 Errors encountered.
write_bitstream completed successfully
write_bitstream: Time (s): cpu = 00:00:14 ; elapsed = 00:00:11 . Memory (MB): peak = 2714.477 ; gain = 494.754
INFO: [Common 17-206] Exiting Vivado at Tue Jun 24 13:45:41 2025...
